// Jest Snapshot v1, https://goo.gl/fbAQLP

exports[`Button component matches snapshot 1`] = `
<DocumentFragment>
  <button
    class="sc-bdfBwQ eCqVEX"
  >
    button
  </button>
</DocumentFragment>
`;
