// Jest Snapshot v1, https://goo.gl/fbAQLP

exports[`CalculateSection component matches snapshot 1`] = `<DocumentFragment />`;
