// Jest Snapshot v1, https://goo.gl/fbAQLP

exports[`Home page matches snapshot 1`] = `
<DocumentFragment>
  <div
    class="GlobalStyles__Container-sc-1m5drgn-1 esIJuv"
  >
    <button>
      open
    </button>
  </div>
</DocumentFragment>
`;
